Copyright 1986-2018 Xilinx, Inc. All Rights Reserved.
----------------------------------------------------------------------------------------------------------------
| Tool Version     : Vivado v.2018.2 (win64) Build 2258646 Thu Jun 14 20:03:12 MDT 2018
| Date             : Tue Sep 15 05:32:05 2026
| Host             : naira running 64-bit major release  (build 9200)
| Command          : report_power -advisory -file E:/My_Projects/fpga-ai-accelerator/power_advisory.rpt
| Design           : cnn_accelerator
| Device           : xc7z020clg400-1
| Design State     : synthesized
| Grade            : commercial
| Process          : typical
| Characterization : Production
----------------------------------------------------------------------------------------------------------------

Power Report

Table of Contents
-----------------
1. Summary
1.1 On-Chip Components
1.2 Power Supply Summary
1.3 Confidence Level
2. Settings
2.1 Environment
2.2 Clock Constraints
3. Detailed Reports
3.1 By Hierarchy
4. Advisory

1. Summary
----------

+--------------------------+--------------+
| Total On-Chip Power (W)  | 0.158        |
| Design Power Budget (W)  | Unspecified* |
| Power Budget Margin (W)  | NA           |
| Dynamic (W)              | 0.052        |
| Device Static (W)        | 0.105        |
| Effective TJA (C/W)      | 11.5         |
| Max Ambient (C)          | 83.2         |
| Junction Temperature (C) | 26.8         |
| Confidence Level         | Low          |
| Setting File             | ---          |
| Simulation Activity File | ---          |
| Design Nets Matched      | NA           |
+--------------------------+--------------+
* Specify Design Power Budget using, set_operating_conditions -design_power_budget <value in Watts>


1.1 On-Chip Components
----------------------

+--------------------------+-----------+----------+-----------+-----------------+
| On-Chip                  | Power (W) | Used     | Available | Utilization (%) |
+--------------------------+-----------+----------+-----------+-----------------+
| Clocks                   |     0.015 |        3 |       --- |             --- |
| Slice Logic              |     0.012 |     4934 |       --- |             --- |
|   LUT as Logic           |     0.010 |     1468 |     53200 |            2.76 |
|   CARRY4                 |     0.001 |      159 |     13300 |            1.20 |
|   F7/F8 Muxes            |    <0.001 |      400 |     53200 |            0.75 |
|   Register               |    <0.001 |     2552 |    106400 |            2.40 |
|   LUT as Shift Register  |    <0.001 |       17 |     17400 |            0.10 |
|   LUT as Distributed RAM |    <0.001 |       16 |     17400 |            0.09 |
|   Others                 |     0.000 |       30 |       --- |             --- |
| Signals                  |     0.011 |     3374 |       --- |             --- |
| I/O                      |     0.015 |      102 |       125 |           81.60 |
| Static Power             |     0.105 |          |           |                 |
| Total                    |     0.158 |          |           |                 |
+--------------------------+-----------+----------+-----------+-----------------+


1.2 Power Supply Summary
------------------------

+-----------+-------------+-----------+-------------+------------+
| Source    | Voltage (V) | Total (A) | Dynamic (A) | Static (A) |
+-----------+-------------+-----------+-------------+------------+
| Vccint    |       1.000 |     0.046 |       0.038 |      0.008 |
| Vccaux    |       1.800 |     0.012 |       0.001 |      0.010 |
| Vcco33    |       3.300 |     0.000 |       0.000 |      0.000 |
| Vcco25    |       2.500 |     0.000 |       0.000 |      0.000 |
| Vcco18    |       1.800 |     0.008 |       0.007 |      0.001 |
| Vcco15    |       1.500 |     0.000 |       0.000 |      0.000 |
| Vcco135   |       1.350 |     0.000 |       0.000 |      0.000 |
| Vcco12    |       1.200 |     0.000 |       0.000 |      0.000 |
| Vccaux_io |       1.800 |     0.000 |       0.000 |      0.000 |
| Vccbram   |       1.000 |     0.000 |       0.000 |      0.000 |
| MGTAVcc   |       1.000 |     0.000 |       0.000 |      0.000 |
| MGTAVtt   |       1.200 |     0.000 |       0.000 |      0.000 |
| MGTVccaux |       1.800 |     0.000 |       0.000 |      0.000 |
| Vccpint   |       1.000 |     0.017 |       0.000 |      0.017 |
| Vccpaux   |       1.800 |     0.010 |       0.000 |      0.010 |
| Vccpll    |       1.800 |     0.003 |       0.000 |      0.003 |
| Vcco_ddr  |       1.500 |     0.000 |       0.000 |      0.000 |
| Vcco_mio0 |       1.800 |     0.000 |       0.000 |      0.000 |
| Vcco_mio1 |       1.800 |     0.000 |       0.000 |      0.000 |
| Vccadc    |       1.800 |     0.020 |       0.000 |      0.020 |
+-----------+-------------+-----------+-------------+------------+


1.3 Confidence Level
--------------------

+-----------------------------+------------+--------------------------------------------------------+------------------------------------------------------------------------------------------------------------+
| User Input Data             | Confidence | Details                                                | Action                                                                                                     |
+-----------------------------+------------+--------------------------------------------------------+------------------------------------------------------------------------------------------------------------+
| Design implementation state | Low        | Design is synthesized                                  | Accuracy of the tool is not optimal until design is fully placed and routed                                |
| Clock nodes activity        | High       | User specified more than 95% of clocks                 |                                                                                                            |
| I/O nodes activity          | Low        | More than 75% of inputs are missing user specification | Provide missing input activity with simulation results or by editing the "By Resource Type -> I/Os" view   |
| Internal nodes activity     | Medium     | User specified less than 25% of internal nodes         | Provide missing internal nodes activity with simulation results or by editing the "By Resource Type" views |
| Device models               | High       | Device models are Production                           |                                                                                                            |
|                             |            |                                                        |                                                                                                            |
| Overall confidence level    | Low        |                                                        |                                                                                                            |
+-----------------------------+------------+--------------------------------------------------------+------------------------------------------------------------------------------------------------------------+


2. Settings
-----------

2.1 Environment
---------------

+-----------------------+------------------------+
| Ambient Temp (C)      | 25.0                   |
| ThetaJA (C/W)         | 11.5                   |
| Airflow (LFM)         | 250                    |
| Heat Sink             | none                   |
| ThetaSA (C/W)         | 0.0                    |
| Board Selection       | medium (10"x10")       |
| # of Board Layers     | 8to11 (8 to 11 Layers) |
| Board Temperature (C) | 25.0                   |
+-----------------------+------------------------+


2.2 Clock Constraints
---------------------

+-------+--------+-----------------+
| Clock | Domain | Constraint (ns) |
+-------+--------+-----------------+
| clk   | clk    |            10.0 |
+-------+--------+-----------------+


3. Detailed Reports
-------------------

3.1 By Hierarchy
----------------

+---------------------------------------+-----------+
| Name                                  | Power (W) |
+---------------------------------------+-----------+
| cnn_accelerator                       |     0.052 |
|   u_controller                        |    <0.001 |
|   u_pipelined_mac                     |     0.010 |
|     u_adder_tree                      |     0.004 |
|     u_mac_engine                      |     0.006 |
|       GEN_MULTIPLIERS[0].u_multiplier |    <0.001 |
|       GEN_MULTIPLIERS[1].u_multiplier |    <0.001 |
|       GEN_MULTIPLIERS[2].u_multiplier |    <0.001 |
|       GEN_MULTIPLIERS[3].u_multiplier |    <0.001 |
|       GEN_MULTIPLIERS[4].u_multiplier |    <0.001 |
|       GEN_MULTIPLIERS[5].u_multiplier |    <0.001 |
|       GEN_MULTIPLIERS[6].u_multiplier |    <0.001 |
|       GEN_MULTIPLIERS[7].u_multiplier |    <0.001 |
|       GEN_MULTIPLIERS[8].u_multiplier |    <0.001 |
|   u_result_fifo                       |     0.024 |
|   u_window_gen                        |     0.003 |
|     lb_chain                          |    <0.001 |
|       lb1                             |    <0.001 |
|         buffer_reg_0_31_0_0           |    <0.001 |
|         buffer_reg_0_31_1_1           |    <0.001 |
|         buffer_reg_0_31_2_2           |    <0.001 |
|         buffer_reg_0_31_3_3           |    <0.001 |
|         buffer_reg_0_31_4_4           |    <0.001 |
|         buffer_reg_0_31_5_5           |    <0.001 |
|         buffer_reg_0_31_6_6           |    <0.001 |
|         buffer_reg_0_31_7_7           |    <0.001 |
|       lb2                             |    <0.001 |
|         buffer_reg_0_31_0_0           |    <0.001 |
|         buffer_reg_0_31_1_1           |    <0.001 |
|         buffer_reg_0_31_2_2           |    <0.001 |
|         buffer_reg_0_31_3_3           |    <0.001 |
|         buffer_reg_0_31_4_4           |    <0.001 |
|         buffer_reg_0_31_5_5           |    <0.001 |
|         buffer_reg_0_31_6_6           |    <0.001 |
|         buffer_reg_0_31_7_7           |    <0.001 |
+---------------------------------------+-----------+


4. Advisory
-----------

+------------------+--------+--------+-------------+-------------+--------------------+-----------------+-------------------------------------------------+
| Confidence Level | Status | Fanout | Signal Type | Polarity    | Static Probability | Toggle Rate (%) | Net                                             |
+------------------+--------+--------+-------------+-------------+--------------------+-----------------+-------------------------------------------------+
| Low              |        |     16 |             | Active High |               0.00 |             0.3 | u_result_fifo/fifo_mem[0][15]_i_1_n_0           |
| Low              |        |     16 |             | Active High |               0.00 |             0.3 | u_result_fifo/fifo_mem[100][15]_i_1_n_0         |
| Low              |        |     16 |             | Active High |               0.00 |             0.3 | u_result_fifo/fifo_mem[101][15]_i_1_n_0         |
| Low              |        |     16 |             | Active High |               0.00 |             0.3 | u_result_fifo/fifo_mem[102][15]_i_1_n_0         |
| Low              |        |     16 |             | Active High |               0.00 |             0.3 | u_result_fifo/fifo_mem[103][15]_i_1_n_0         |
| Low              |        |     16 |             | Active High |               0.00 |             0.3 | u_result_fifo/fifo_mem[104][15]_i_1_n_0         |
| Low              |        |     16 |             | Active High |               0.00 |             0.3 | u_result_fifo/fifo_mem[105][15]_i_1_n_0         |
| Low              |        |     16 |             | Active High |               0.00 |             0.3 | u_result_fifo/fifo_mem[106][15]_i_1_n_0         |
| Low              |        |     16 |             | Active High |               0.00 |             0.3 | u_result_fifo/fifo_mem[107][15]_i_1_n_0         |
| Low              |        |     16 |             | Active High |               0.00 |             0.3 | u_result_fifo/fifo_mem[108][15]_i_1_n_0         |
| Low              |        |     16 |             | Active High |               0.00 |             0.3 | u_result_fifo/fifo_mem[109][15]_i_1_n_0         |
| Low              |        |     16 |             | Active High |               0.00 |             0.3 | u_result_fifo/fifo_mem[10][15]_i_1_n_0          |
| Low              |        |     16 |             | Active High |               0.00 |             0.3 | u_result_fifo/fifo_mem[110][15]_i_1_n_0         |
| Low              |        |     16 |             | Active High |               0.00 |             0.3 | u_result_fifo/fifo_mem[111][15]_i_1_n_0         |
| Low              |        |     16 |             | Active High |               0.00 |             0.3 | u_result_fifo/fifo_mem[112][15]_i_1_n_0         |
| Low              |        |     16 |             | Active High |               0.00 |             0.3 | u_result_fifo/fifo_mem[113][15]_i_1_n_0         |
| Low              |        |     16 |             | Active High |               0.00 |             0.3 | u_result_fifo/fifo_mem[114][15]_i_1_n_0         |
| Low              |        |     16 |             | Active High |               0.00 |             0.3 | u_result_fifo/fifo_mem[115][15]_i_1_n_0         |
| Low              |        |     16 |             | Active High |               0.00 |             0.3 | u_result_fifo/fifo_mem[116][15]_i_1_n_0         |
| Low              |        |     16 |             | Active High |               0.00 |             0.3 | u_result_fifo/fifo_mem[117][15]_i_1_n_0         |
| Low              |        |     16 |             | Active High |               0.00 |             0.3 | u_result_fifo/fifo_mem[118][15]_i_1_n_0         |
| Low              |        |     16 |             | Active High |               0.00 |             0.3 | u_result_fifo/fifo_mem[119][15]_i_1_n_0         |
| Low              |        |     16 |             | Active High |               0.00 |             0.3 | u_result_fifo/fifo_mem[11][15]_i_1_n_0          |
| Low              |        |     16 |             | Active High |               0.00 |             0.3 | u_result_fifo/fifo_mem[120][15]_i_1_n_0         |
| Low              |        |     16 |             | Active High |               0.00 |             0.3 | u_result_fifo/fifo_mem[121][15]_i_1_n_0         |
| Low              |        |     16 |             | Active High |               0.00 |             0.3 | u_result_fifo/fifo_mem[122][15]_i_1_n_0         |
| Low              |        |     16 |             | Active High |               0.00 |             0.3 | u_result_fifo/fifo_mem[123][15]_i_1_n_0         |
| Low              |        |     16 |             | Active High |               0.00 |             0.3 | u_result_fifo/fifo_mem[124][15]_i_1_n_0         |
| Low              |        |     16 |             | Active High |               0.00 |             0.3 | u_result_fifo/fifo_mem[125][15]_i_1_n_0         |
| Low              |        |     16 |             | Active High |               0.00 |             0.3 | u_result_fifo/fifo_mem[126][15]_i_1_n_0         |
| Low              |        |     16 |             | Active High |               0.00 |             0.3 | u_result_fifo/fifo_mem[127][15]_i_1_n_0         |
| Low              |        |     16 |             | Active High |               0.00 |             0.3 | u_result_fifo/fifo_mem[12][15]_i_1_n_0          |
| Low              |        |     16 |             | Active High |               0.00 |             0.3 | u_result_fifo/fifo_mem[13][15]_i_1_n_0          |
| Low              |        |     16 |             | Active High |               0.00 |             0.3 | u_result_fifo/fifo_mem[14][15]_i_1_n_0          |
| Low              |        |     16 |             | Active High |               0.00 |             0.3 | u_result_fifo/fifo_mem[15][15]_i_1_n_0          |
| Low              |        |     16 |             | Active High |               0.00 |             0.3 | u_result_fifo/fifo_mem[16][15]_i_1_n_0          |
| Low              |        |     16 |             | Active High |               0.00 |             0.3 | u_result_fifo/fifo_mem[17][15]_i_1_n_0          |
| Low              |        |     16 |             | Active High |               0.00 |             0.3 | u_result_fifo/fifo_mem[18][15]_i_1_n_0          |
| Low              |        |     16 |             | Active High |               0.00 |             0.3 | u_result_fifo/fifo_mem[19][15]_i_1_n_0          |
| Low              |        |     16 |             | Active High |               0.00 |             0.3 | u_result_fifo/fifo_mem[1][15]_i_1_n_0           |
| Low              |        |     16 |             | Active High |               0.00 |             0.3 | u_result_fifo/fifo_mem[20][15]_i_1_n_0          |
| Low              |        |     16 |             | Active High |               0.00 |             0.3 | u_result_fifo/fifo_mem[21][15]_i_1_n_0          |
| Low              |        |     16 |             | Active High |               0.00 |             0.3 | u_result_fifo/fifo_mem[22][15]_i_1_n_0          |
| Low              |        |     16 |             | Active High |               0.00 |             0.3 | u_result_fifo/fifo_mem[23][15]_i_1_n_0          |
| Low              |        |     16 |             | Active High |               0.00 |             0.3 | u_result_fifo/fifo_mem[24][15]_i_1_n_0          |
| Low              |        |     16 |             | Active High |               0.00 |             0.3 | u_result_fifo/fifo_mem[25][15]_i_1_n_0          |
| Low              |        |     16 |             | Active High |               0.00 |             0.3 | u_result_fifo/fifo_mem[26][15]_i_1_n_0          |
| Low              |        |     16 |             | Active High |               0.00 |             0.3 | u_result_fifo/fifo_mem[27][15]_i_1_n_0          |
| Low              |        |     16 |             | Active High |               0.00 |             0.3 | u_result_fifo/fifo_mem[28][15]_i_1_n_0          |
| Low              |        |     16 |             | Active High |               0.00 |             0.3 | u_result_fifo/fifo_mem[29][15]_i_1_n_0          |
| Low              |        |     16 |             | Active High |               0.00 |             0.3 | u_result_fifo/fifo_mem[2][15]_i_1_n_0           |
| Low              |        |     16 |             | Active High |               0.00 |             0.3 | u_result_fifo/fifo_mem[30][15]_i_1_n_0          |
| Low              |        |     16 |             | Active High |               0.00 |             0.3 | u_result_fifo/fifo_mem[31][15]_i_1_n_0          |
| Low              |        |     16 |             | Active High |               0.00 |             0.3 | u_result_fifo/fifo_mem[32][15]_i_1_n_0          |
| Low              |        |     16 |             | Active High |               0.00 |             0.3 | u_result_fifo/fifo_mem[33][15]_i_1_n_0          |
| Low              |        |     16 |             | Active High |               0.00 |             0.3 | u_result_fifo/fifo_mem[34][15]_i_1_n_0          |
| Low              |        |     16 |             | Active High |               0.00 |             0.3 | u_result_fifo/fifo_mem[35][15]_i_1_n_0          |
| Low              |        |     16 |             | Active High |               0.00 |             0.3 | u_result_fifo/fifo_mem[36][15]_i_1_n_0          |
| Low              |        |     16 |             | Active High |               0.00 |             0.3 | u_result_fifo/fifo_mem[37][15]_i_1_n_0          |
| Low              |        |     16 |             | Active High |               0.00 |             0.3 | u_result_fifo/fifo_mem[38][15]_i_1_n_0          |
| Low              |        |     16 |             | Active High |               0.00 |             0.3 | u_result_fifo/fifo_mem[39][15]_i_1_n_0          |
| Low              |        |     16 |             | Active High |               0.00 |             0.3 | u_result_fifo/fifo_mem[3][15]_i_1_n_0           |
| Low              |        |     16 |             | Active High |               0.00 |             0.3 | u_result_fifo/fifo_mem[40][15]_i_1_n_0          |
| Low              |        |     16 |             | Active High |               0.00 |             0.3 | u_result_fifo/fifo_mem[41][15]_i_1_n_0          |
| Low              |        |     16 |             | Active High |               0.00 |             0.3 | u_result_fifo/fifo_mem[42][15]_i_1_n_0          |
| Low              |        |     16 |             | Active High |               0.00 |             0.3 | u_result_fifo/fifo_mem[43][15]_i_1_n_0          |
| Low              |        |     16 |             | Active High |               0.00 |             0.3 | u_result_fifo/fifo_mem[44][15]_i_1_n_0          |
| Low              |        |     16 |             | Active High |               0.00 |             0.3 | u_result_fifo/fifo_mem[45][15]_i_1_n_0          |
| Low              |        |     16 |             | Active High |               0.00 |             0.3 | u_result_fifo/fifo_mem[46][15]_i_1_n_0          |
| Low              |        |     16 |             | Active High |               0.00 |             0.3 | u_result_fifo/fifo_mem[47][15]_i_1_n_0          |
| Low              |        |     16 |             | Active High |               0.00 |             0.3 | u_result_fifo/fifo_mem[48][15]_i_1_n_0          |
| Low              |        |     16 |             | Active High |               0.00 |             0.3 | u_result_fifo/fifo_mem[49][15]_i_1_n_0          |
| Low              |        |     16 |             | Active High |               0.00 |             0.3 | u_result_fifo/fifo_mem[4][15]_i_1_n_0           |
| Low              |        |     16 |             | Active High |               0.00 |             0.3 | u_result_fifo/fifo_mem[50][15]_i_1_n_0          |
| Low              |        |     16 |             | Active High |               0.00 |             0.3 | u_result_fifo/fifo_mem[51][15]_i_1_n_0          |
| Low              |        |     16 |             | Active High |               0.00 |             0.3 | u_result_fifo/fifo_mem[52][15]_i_1_n_0          |
| Low              |        |     16 |             | Active High |               0.00 |             0.3 | u_result_fifo/fifo_mem[53][15]_i_1_n_0          |
| Low              |        |     16 |             | Active High |               0.00 |             0.3 | u_result_fifo/fifo_mem[54][15]_i_1_n_0          |
| Low              |        |     16 |             | Active High |               0.00 |             0.3 | u_result_fifo/fifo_mem[55][15]_i_1_n_0          |
| Low              |        |     16 |             | Active High |               0.00 |             0.3 | u_result_fifo/fifo_mem[56][15]_i_1_n_0          |
| Low              |        |     16 |             | Active High |               0.00 |             0.3 | u_result_fifo/fifo_mem[57][15]_i_1_n_0          |
| Low              |        |     16 |             | Active High |               0.00 |             0.3 | u_result_fifo/fifo_mem[58][15]_i_1_n_0          |
| Low              |        |     16 |             | Active High |               0.00 |             0.3 | u_result_fifo/fifo_mem[59][15]_i_1_n_0          |
| Low              |        |     16 |             | Active High |               0.00 |             0.3 | u_result_fifo/fifo_mem[5][15]_i_1_n_0           |
| Low              |        |     16 |             | Active High |               0.00 |             0.3 | u_result_fifo/fifo_mem[60][15]_i_1_n_0          |
| Low              |        |     16 |             | Active High |               0.00 |             0.3 | u_result_fifo/fifo_mem[61][15]_i_1_n_0          |
| Low              |        |     16 |             | Active High |               0.00 |             0.3 | u_result_fifo/fifo_mem[62][15]_i_1_n_0          |
| Low              |        |     16 |             | Active High |               0.00 |             0.3 | u_result_fifo/fifo_mem[63][15]_i_1_n_0          |
| Low              |        |     16 |             | Active High |               0.00 |             0.3 | u_result_fifo/fifo_mem[64][15]_i_1_n_0          |
| Low              |        |     16 |             | Active High |               0.00 |             0.3 | u_result_fifo/fifo_mem[65][15]_i_1_n_0          |
| Low              |        |     16 |             | Active High |               0.00 |             0.3 | u_result_fifo/fifo_mem[66][15]_i_1_n_0          |
| Low              |        |     16 |             | Active High |               0.00 |             0.3 | u_result_fifo/fifo_mem[67][15]_i_1_n_0          |
| Low              |        |     16 |             | Active High |               0.00 |             0.3 | u_result_fifo/fifo_mem[68][15]_i_1_n_0          |
| Low              |        |     16 |             | Active High |               0.00 |             0.3 | u_result_fifo/fifo_mem[69][15]_i_1_n_0          |
| Low              |        |     16 |             | Active High |               0.00 |             0.3 | u_result_fifo/fifo_mem[6][15]_i_1_n_0           |
| Low              |        |     16 |             | Active High |               0.00 |             0.3 | u_result_fifo/fifo_mem[70][15]_i_1_n_0          |
| Low              |        |     16 |             | Active High |               0.00 |             0.3 | u_result_fifo/fifo_mem[71][15]_i_1_n_0          |
| Low              |        |     16 |             | Active High |               0.00 |             0.3 | u_result_fifo/fifo_mem[72][15]_i_1_n_0          |
| Low              |        |     16 |             | Active High |               0.00 |             0.3 | u_result_fifo/fifo_mem[73][15]_i_1_n_0          |
| Low              |        |     16 |             | Active High |               0.00 |             0.3 | u_result_fifo/fifo_mem[74][15]_i_1_n_0          |
| Low              |        |     16 |             | Active High |               0.00 |             0.3 | u_result_fifo/fifo_mem[75][15]_i_1_n_0          |
| Low              |        |     16 |             | Active High |               0.00 |             0.3 | u_result_fifo/fifo_mem[76][15]_i_1_n_0          |
| Low              |        |     16 |             | Active High |               0.00 |             0.3 | u_result_fifo/fifo_mem[77][15]_i_1_n_0          |
| Low              |        |     16 |             | Active High |               0.00 |             0.3 | u_result_fifo/fifo_mem[78][15]_i_1_n_0          |
| Low              |        |     16 |             | Active High |               0.00 |             0.3 | u_result_fifo/fifo_mem[79][15]_i_1_n_0          |
| Low              |        |     16 |             | Active High |               0.00 |             0.3 | u_result_fifo/fifo_mem[7][15]_i_1_n_0           |
| Low              |        |     16 |             | Active High |               0.00 |             0.3 | u_result_fifo/fifo_mem[80][15]_i_1_n_0          |
| Low              |        |     16 |             | Active High |               0.00 |             0.3 | u_result_fifo/fifo_mem[81][15]_i_1_n_0          |
| Low              |        |     16 |             | Active High |               0.00 |             0.3 | u_result_fifo/fifo_mem[82][15]_i_1_n_0          |
| Low              |        |     16 |             | Active High |               0.00 |             0.3 | u_result_fifo/fifo_mem[83][15]_i_1_n_0          |
| Low              |        |     16 |             | Active High |               0.00 |             0.3 | u_result_fifo/fifo_mem[84][15]_i_1_n_0          |
| Low              |        |     16 |             | Active High |               0.00 |             0.3 | u_result_fifo/fifo_mem[85][15]_i_1_n_0          |
| Low              |        |     16 |             | Active High |               0.00 |             0.3 | u_result_fifo/fifo_mem[86][15]_i_1_n_0          |
| Low              |        |     16 |             | Active High |               0.00 |             0.3 | u_result_fifo/fifo_mem[87][15]_i_1_n_0          |
| Low              |        |     16 |             | Active High |               0.00 |             0.3 | u_result_fifo/fifo_mem[88][15]_i_1_n_0          |
| Low              |        |     16 |             | Active High |               0.00 |             0.3 | u_result_fifo/fifo_mem[89][15]_i_1_n_0          |
| Low              |        |     16 |             | Active High |               0.00 |             0.3 | u_result_fifo/fifo_mem[8][15]_i_1_n_0           |
| Low              |        |     16 |             | Active High |               0.00 |             0.3 | u_result_fifo/fifo_mem[90][15]_i_1_n_0          |
| Low              |        |     16 |             | Active High |               0.00 |             0.3 | u_result_fifo/fifo_mem[91][15]_i_1_n_0          |
| Low              |        |     16 |             | Active High |               0.00 |             0.3 | u_result_fifo/fifo_mem[92][15]_i_1_n_0          |
| Low              |        |     16 |             | Active High |               0.00 |             0.3 | u_result_fifo/fifo_mem[93][15]_i_1_n_0          |
| Low              |        |     16 |             | Active High |               0.00 |             0.3 | u_result_fifo/fifo_mem[94][15]_i_1_n_0          |
| Low              |        |     16 |             | Active High |               0.00 |             0.3 | u_result_fifo/fifo_mem[95][15]_i_1_n_0          |
| Low              |        |     16 |             | Active High |               0.00 |             0.3 | u_result_fifo/fifo_mem[96][15]_i_1_n_0          |
| Low              |        |     16 |             | Active High |               0.00 |             0.3 | u_result_fifo/fifo_mem[97][15]_i_1_n_0          |
| Low              |        |     16 |             | Active High |               0.00 |             0.3 | u_result_fifo/fifo_mem[98][15]_i_1_n_0          |
| Low              |        |     16 |             | Active High |               0.00 |             0.3 | u_result_fifo/fifo_mem[99][15]_i_1_n_0          |
| Low              |        |     16 |             | Active High |               0.00 |             0.3 | u_result_fifo/fifo_mem[9][15]_i_1_n_0           |
| Medium           |        |     72 |             | Active High |               0.99 |             1.0 | kernel_load_IBUF                                |
| Medium           |        |     34 |             | Active High |               0.99 |             1.0 | valid_in_IBUF                                   |
| Medium           |        |     29 |             | Active High |               0.63 |             1.3 | u_window_gen/lb_chain/lb1/col_count_reg[0]_0[0] |
| Medium           |        |     24 |             | Active High |               0.37 |             1.1 | u_window_gen/lb_chain/lb1/E[0]                  |
| Medium           |        |     17 |             | Active High |               0.99 |             1.4 | u_result_fifo/valid_out_OBUF                    |
| Medium           |        |      8 |             | Active High |               0.65 |             5.7 | u_result_fifo/fifo_count[7]_i_1_n_0             |
| Medium           |        |      7 |             | Active High |               0.34 |             4.4 | u_controller/result_valid                       |
| High             |        |    484 | Clear/Reset | Active High |               0.00 |             0.0 | u_pipelined_mac/u_adder_tree/stage3_reg[1][0]_0 |
+------------------+--------+--------+-------------+-------------+--------------------+-----------------+-------------------------------------------------+
* High:  No action required.  Calculated activity values are consistent with signal type and polarity.
** Medium:  Switching activity should be reviewed and corrected if necessary.  Calculated activity values may be inconsistent with signal type and polarity which can result in inaccurate power analysis.
*** Low: Switching activity must be reviewed and corrected to prevent incorrect power analysis. Calculated activity values are inappropriate for the signal type and polarity.


